d:\github\game2d\knightofshadow\game\x64\debug\vc143.pdb
d:\github\game2d\knightofshadow\game\x64\debug\vc143.idb
d:\github\game2d\knightofshadow\game\x64\debug\player.obj
d:\github\game2d\knightofshadow\game\x64\debug\menuscreen.obj
d:\github\game2d\knightofshadow\game\x64\debug\mapmanager.obj
d:\github\game2d\knightofshadow\game\x64\debug\map.obj
d:\github\game2d\knightofshadow\game\x64\debug\main.obj
d:\github\game2d\knightofshadow\game\x64\debug\enemymanager.obj
d:\github\game2d\knightofshadow\game\x64\debug\enemy3.obj
d:\github\game2d\knightofshadow\game\x64\debug\enemy2.obj
d:\github\game2d\knightofshadow\game\x64\debug\enemy1.obj
d:\github\game2d\knightofshadow\game\x64\debug\bossanimation.obj
d:\github\game2d\knightofshadow\game\x64\debug\animation.obj
d:\github\game2d\knightofshadow\x64\debug\game.exe
d:\github\game2d\knightofshadow\x64\debug\game.pdb
d:\github\game2d\knightofshadow\game\x64\debug\game.ilk
d:\github\game2d\knightofshadow\game\x64\debug\game.tlog\cl.command.1.tlog
d:\github\game2d\knightofshadow\game\x64\debug\game.tlog\cl.items.tlog
d:\github\game2d\knightofshadow\game\x64\debug\game.tlog\cl.read.1.tlog
d:\github\game2d\knightofshadow\game\x64\debug\game.tlog\cl.write.1.tlog
d:\github\game2d\knightofshadow\game\x64\debug\game.tlog\link.command.1.tlog
d:\github\game2d\knightofshadow\game\x64\debug\game.tlog\link.read.1.tlog
d:\github\game2d\knightofshadow\game\x64\debug\game.tlog\link.secondary.1.tlog
d:\github\game2d\knightofshadow\game\x64\debug\game.tlog\link.write.1.tlog
